current directory: /Users/jing-zhongwang/Desktop/AI workplace/jingzhong1011.github.io/vendor/bundle/ruby/3.2.0/gems/http_parser.rb-0.8.0/ext/ruby_http_parser
/Users/jing-zhongwang/.rubies/ruby-3.2.0/bin/ruby -I /Users/jing-zhongwang/.rubies/ruby-3.2.0/lib/ruby/3.2.0 extconf.rb
/Users/jing-zhongwang/.rubies/ruby-3.2.0/bin/ruby: warning: Ruby was built without YJIT support. You may need to install rustc to build Ruby with YJIT.
creating Makefile

current directory: /Users/jing-zhongwang/Desktop/AI workplace/jingzhong1011.github.io/vendor/bundle/ruby/3.2.0/gems/http_parser.rb-0.8.0/ext/ruby_http_parser
make DESTDIR\= sitearchdir\=./.gem.20261007-39206-2b2myr sitelibdir\=./.gem.20261007-39206-2b2myr clean

current directory: /Users/jing-zhongwang/Desktop/AI workplace/jingzhong1011.github.io/vendor/bundle/ruby/3.2.0/gems/http_parser.rb-0.8.0/ext/ruby_http_parser
make DESTDIR\= sitearchdir\=./.gem.20261007-39206-2b2myr sitelibdir\=./.gem.20261007-39206-2b2myr
compiling ruby_http_parser.c
ruby_http_parser.c:365:17: warning: comparison of integers of different signs: 'size_t' (aka 'unsigned long') and 'long' [-Wsign-compare]
  365 |     if (nparsed < len)
      |         ~~~~~~~ ^ ~~~
1 warning generated.
compiling ryah_http_parser.c
linking shared-object ruby_http_parser.bundle
ld: warning: -multiply_defined is obsolete

current directory: /Users/jing-zhongwang/Desktop/AI workplace/jingzhong1011.github.io/vendor/bundle/ruby/3.2.0/gems/http_parser.rb-0.8.0/ext/ruby_http_parser
make DESTDIR\= sitearchdir\=./.gem.20261007-39206-2b2myr sitelibdir\=./.gem.20261007-39206-2b2myr install
/usr/bin/install -c -m 0755 ruby_http_parser.bundle ./.gem.20261007-39206-2b2myr

current directory: /Users/jing-zhongwang/Desktop/AI workplace/jingzhong1011.github.io/vendor/bundle/ruby/3.2.0/gems/http_parser.rb-0.8.0/ext/ruby_http_parser
make DESTDIR\= sitearchdir\=./.gem.20261007-39206-2b2myr sitelibdir\=./.gem.20261007-39206-2b2myr clean
