current directory: /Users/jing-zhongwang/Desktop/AI workplace/jingzhong1011.github.io/vendor/bundle/ruby/3.2.0/gems/io-console-0.9.4/ext/io/console
/Users/jing-zhongwang/.rubies/ruby-3.2.0/bin/ruby -I /Users/jing-zhongwang/.rubies/ruby-3.2.0/lib/ruby/3.2.0 extconf.rb
/Users/jing-zhongwang/.rubies/ruby-3.2.0/bin/ruby: warning: Ruby was built without YJIT support. You may need to install rustc to build Ruby with YJIT.
checking for rb_interned_str_cstr()... yes
checking for rb_ractor_local_storage_value_newkey()... yes
checking for rb_io_descriptor() in ruby/io.h... yes
checking for rb_io_path() in ruby/io.h... no
checking for rb_io_closed_p() in ruby/io.h... no
checking for rb_io_open_descriptor() in ruby/io.h... no
checking for termios.h... yes
checking for cfmakeraw() in termios.h... yes
checking for sys/ioctl.h... yes
checking for HAVE_RUBY_FIBER_SCHEDULER_H... yes
checking for rb_category_warn()... yes
checking for RB_WARN_CATEGORY_DEPRECATED... yes
checking for ttyname_r()... yes
checking for type of ttyname_r()... int
checking for rb_prepend_module()... yes
checking for gperf... yes
creating Makefile

current directory: /Users/jing-zhongwang/Desktop/AI workplace/jingzhong1011.github.io/vendor/bundle/ruby/3.2.0/gems/io-console-0.9.4/ext/io/console
make DESTDIR\= sitearchdir\=./.gem.20261007-39206-tru21c sitelibdir\=./.gem.20261007-39206-tru21c clean

current directory: /Users/jing-zhongwang/Desktop/AI workplace/jingzhong1011.github.io/vendor/bundle/ruby/3.2.0/gems/io-console-0.9.4/ext/io/console
make DESTDIR\= sitearchdir\=./.gem.20261007-39206-tru21c sitelibdir\=./.gem.20261007-39206-tru21c
compiling console.c
linking shared-object io/console.bundle
ld: warning: -multiply_defined is obsolete

current directory: /Users/jing-zhongwang/Desktop/AI workplace/jingzhong1011.github.io/vendor/bundle/ruby/3.2.0/gems/io-console-0.9.4/ext/io/console
make DESTDIR\= sitearchdir\=./.gem.20261007-39206-tru21c sitelibdir\=./.gem.20261007-39206-tru21c install
/usr/bin/install -c -m 0755 console.bundle ./.gem.20261007-39206-tru21c/io

current directory: /Users/jing-zhongwang/Desktop/AI workplace/jingzhong1011.github.io/vendor/bundle/ruby/3.2.0/gems/io-console-0.9.4/ext/io/console
make DESTDIR\= sitearchdir\=./.gem.20261007-39206-tru21c sitelibdir\=./.gem.20261007-39206-tru21c clean
